BATCH000,,CBCH,0,1,DEF,N,0,,,unikix  ,Y,,KIXDFLT ,0,N
KXCCIN  ,,CCIN,0,1,DEF,D,0,,,unikix  ,N,Y,KIXDFLT ,0,N
CEBR    ,,CEBR,0,1,DEF,N,0,,,unikix  ,Y,,KIXDFLT ,0,N
CECI    ,,CECI,0,1,DEF,D,0,,,unikix  ,N,,KIXDFLT ,0,N
CEDF    ,,CEDF,0,1,DEF,N,0,,,unikix  ,Y,,KIXDFLT ,0,N
CEMT    ,,CEMT,0,1,DEF,N,0,,,unikix  ,Y,,KIXADMIN,0,N
CESF    ,,CESF,0,1,DEF,N,0,,,unikix  ,Y,,KIXDFLT ,0,N
CSSNCESN,,CESN,0,1,DEF,N,0,,,unikix  ,Y,,KIXDFLT ,0,N
FMS     ,,CFMS,0,1,DEF,N,0,,,unikix  ,Y,,KIXDFLT ,0,N
CINI    ,,CINI,0,1,DEF,N,0,,,unikix  ,Y,,KIXADMIN,0,N
MNU     ,,CMNU,0,1,DEF,N,0,,,unikix  ,Y,,KIXDFLT ,0,N
CPLT    ,,CPLT,0,1,DEF,N,0,,,unikix  ,Y,,KIXDFLT ,0,N
KXFSMIRS,,CPMI,0,1,DEF,D,0,,,unikix  ,Y,Y,KIXDFLT ,0,N
CPTRPGM ,,CPTR,0,1,DEF,N,0,,,unikix  ,Y,,KIXDFLT ,0,N
RED     ,,CRED,0,1,DEF,N,0,,,unikix  ,Y,,KIXDFLT ,0,N
KXCRSR  ,,CRSR,0,1,DEF,D,0,,,unikix  ,N,Y,KIXDFLT ,0,N
KXRTE   ,,CRTE,0,1,DEF,D,0,,,unikix  ,Y,,KIXDFLT ,0,N
SGU     ,,CSGU,0,1,DEF,N,0,,,unikix  ,Y,,KIXDFLT ,0,N
KXSOCKET,,CSKL,0,1,DEF,D,0,,,unikix  ,Y,,KIXDFLT ,0,N
CSMT    ,,CSMT,0,1,DEF,N,0,,,unikix  ,Y,,KIXADMIN,0,N
CSPG    ,,CSPG,0,1,ALT,N,0,,,unikix  ,Y,,KIXDFLT ,0,N
CSSF    ,,CSSF,0,1,DEF,N,0,,,unikix  ,Y,,KIXDFLT ,0,N
CSSNCESN,,CSSN,0,1,DEF,N,0,,,unikix  ,Y,,KIXDFLT ,0,N
TBL     ,,CTBL,0,1,DEF,N,0,,,unikix  ,Y,,KIXDFLT ,0,N
KXCTIN  ,,CTIN,0,1,DEF,D,0,,,unikix  ,N,Y,KIXDFLT ,0,N
KXFSMIRS,,CVMI,0,1,DEF,D,0,,,unikix  ,Y,Y,KIXDFLT ,0,N
KXWBA   ,,CWBA,0,1,DEF,D,0,,,unikix  ,Y,,KIXDFLT ,0,N
