UIMS    ,,/DSC,0,1,DEF,D,0,,,unikix  ,N,,KIXDFLT ,0,Y
UIMS    ,,/FOR,0,1,DEF,D,0,,,unikix  ,N,,KIXDFLT ,0,Y
UIMS    ,,/IBT,0,1,DEF,D,0,,,unikix  ,N,,KIXDFLT ,0,Y
UIMS    ,,/IMQ,0,1,DEF,D,0,,,unikix  ,N,,KIXDFLT ,0,Y
UIMS    ,,/IMS,0,1,DEF,D,0,,,unikix  ,N,,KIXDFLT ,0,Y
UIMS    ,,/MST,0,1,DEF,D,0,,,unikix  ,N,,KIXDFLT ,0,Y
UIMS    ,,/PRT,0,1,DEF,D,0,,,unikix  ,N,,KIXDFLT ,0,Y
UIMS    ,,/SKT,0,1,DEF,D,0,,,unikix  ,N,,KIXDFLT ,0,Y
BATCH000,,CBCH,0,1,DEF,N,0,,,unikix  ,Y,,KIXDFLT ,0,Y
KXCCIN  ,,CCIN,0,1,DEF,D,0,,,unikix  ,N,Y,KIXDFLT ,0,Y
CEBR    ,,CEBR,0,1,DEF,N,0,,,unikix  ,Y,,KIXDFLT ,0,Y
CECI    ,,CECI,0,1,DEF,D,0,,,unikix  ,N,,KIXDFLT ,0,Y
CEDF    ,,CEDF,0,1,DEF,N,0,,,unikix  ,Y,,KIXDFLT ,0,Y
CEDX    ,,CEDX,0,1,DEF,N,0,,,unikix  ,Y,,KIXDFLT ,0,Y
CEMT    ,,CEMT,0,1,DEF,N,0,,,unikix  ,Y,,KIXADMIN,0,Y
CESF    ,,CESF,0,1,DEF,N,0,,,unikix  ,Y,,KIXDFLT ,0,Y
CSSNCESN,,CESL,0,1,DEF,N,0,,,unikix  ,Y,,KIXDFLT ,0,Y
CSSNCESN,,CESN,0,1,DEF,N,0,,,unikix  ,Y,,KIXDFLT ,0,Y
FMS     ,,CFMS,0,1,DEF,N,0,,,unikix  ,Y,,KIXDFLT ,0,Y
CINI    ,,CINI,0,1,DEF,N,0,,,unikix  ,Y,,KIXADMIN,0,Y
CPLT    ,,CPLT,0,1,DEF,N,0,,,unikix  ,Y,,KIXDFLT ,0,Y
KXFSMIRS,,CPMI,0,1,DEF,D,0,,,unikix  ,Y,Y,KIXDFLT ,0,Y
RED     ,,CRED,0,1,DEF,N,0,,,unikix  ,Y,,KIXDFLT ,0,Y
KXCRSR  ,,CRSR,0,1,DEF,D,0,,,unikix  ,N,Y,KIXDFLT ,0,Y
KXRTE   ,,CRTE,0,1,DEF,D,0,,,unikix  ,Y,,KIXDFLT ,0,Y
KXSOCKET,,CSKL,0,1,DEF,D,0,,,unikix  ,Y,,KIXDFLT ,0,Y
CSMT    ,,CSMT,0,1,DEF,N,0,,,unikix  ,Y,,KIXADMIN,0,Y
CSPG    ,,CSPG,0,1,ALT,N,0,,,unikix  ,Y,,KIXDFLT ,0,Y
CSSF    ,,CSSF,0,1,DEF,N,0,,,unikix  ,Y,,KIXDFLT ,0,Y
CSSNCESN,,CSSN,0,1,DEF,N,0,,,unikix  ,Y,,KIXDFLT ,0,Y
TBL     ,,CTBL,0,1,DEF,N,0,,,unikix  ,Y,,KIXDFLT ,0,Y
KXCTIN  ,,CTIN,0,1,DEF,D,0,,,unikix  ,N,Y,KIXDFLT ,0,Y
KXTSCL  ,,CTSC,0,1,DEF,D,0,,,unikix  ,Y,,KIXADMIN,0,Y
KXFSMIRS,,CVMI,0,1,DEF,D,0,,,unikix  ,Y,Y,KIXDFLT ,0,Y
RED     ,,CVUE,0,1,DEF,N,0,,,unikix  ,Y,,KIXDFLT ,0,Y
KXWBA   ,,CWBA,0,1,DEF,D,0,,,unikix  ,Y,,KIXDFLT ,0,Y
KXWBXN  ,,CWXN,0,1,DEF,D,0,,,unikix  ,Y,,KIXDFLT ,0,Y
