B,4K
P,KIXDATA       ,CFACCT        ,F,KSDS,02000,00026,00002,N,Y
P,KIXDATA       ,CFCNTL        ,F,KSDS,00750,00010,00002,N,Y
P,KIXDATA       ,CFCTBL        ,F,KSDS,00200,00007,00002,N,Y
P,KIXDATA       ,DLYACTV       ,F,KSDS,00025,00020,00000,N,Y
P,KIXDATA       ,DLYACTVT      ,F,KSDS,00025,00020,00000,N,Y
P,KIXDATA       ,ELACTQ        ,F,KSDS,00060,00020,00002,N,Y
P,KIXDATA       ,ELALPH        ,F,KSDS,00128,00042,00002,N,Y
P,KIXDATA       ,ELARCH        ,F,KSDS,00090,00008,00002,N,Y
A,KIXDATA       ,ELARCH        ,KIXDATA       ,ELARCH2       ,00008,00010
P,KIXDATA       ,ELBENE        ,F,KSDS,00500,00012,00002,N,Y
A,KIXDATA       ,ELBENE        ,KIXDATA       ,ELBENE2       ,00042,00014
P,KIXDATA       ,ELCERT        ,F,KSDS,00450,00033,00002,N,Y
A,KIXDATA       ,ELCERT        ,KIXDATA       ,ELCERT2       ,00018,00035
A,KIXDATA       ,ELCERT        ,KIXDATA       ,ELCERT3       ,00012,00053
A,KIXDATA       ,ELCERT        ,KIXDATA       ,ELCERT5       ,00012,00065
A,KIXDATA       ,ELCERT        ,KIXDATA       ,ELCERT6       ,00013,00077
P,KIXDATA       ,ELCHKQ        ,F,KSDS,00100,00007,00002,N,Y
A,KIXDATA       ,ELCHKQ        ,KIXDATA       ,ELCHKQ2       ,00026,00009
P,KIXDATA       ,ELCNTL        ,F,KSDS,00750,00010,00002,N,Y
P,KIXDATA       ,ELCNTLT       ,F,KSDS,00750,00010,00002,N,Y
P,KIXDATA       ,ELERRS        ,F,KSDS,00072,00004,00002,N,Y
P,KIXDATA       ,ELFORM        ,F,KSDS,00100,00015,00002,N,Y
P,KIXDATA       ,ELHELP        ,F,KSDS,00100,00015,00002,N,Y
P,KIXDATA       ,ELLETR        ,F,KSDS,00100,00015,00002,N,Y
P,KIXDATA       ,ELMSTR        ,F,KSDS,00350,00020,00002,N,Y
A,KIXDATA       ,ELMSTR        ,KIXDATA       ,ELMSTR2       ,00029,00022
A,KIXDATA       ,ELMSTR        ,KIXDATA       ,ELMSTR3       ,00012,00051
A,KIXDATA       ,ELMSTR        ,KIXDATA       ,ELMSTR5       ,00012,00063
A,KIXDATA       ,ELMSTR        ,KIXDATA       ,ELMSTR6       ,00021,00075
P,KIXDATA       ,ELPGMN        ,F,KSDS,00052,00005,00002,N,Y
P,KIXDATA       ,ELPGMO        ,F,KSDS,00049,00007,00002,N,Y
P,KIXDATA       ,ELPGMS        ,F,KSDS,00250,00006,00002,N,Y
P,KIXDATA       ,ELPURG        ,F,KSDS,00230,00033,00002,N,Y
A,KIXDATA       ,ELPURG        ,KIXDATA       ,ELPURG2       ,00018,00035
A,KIXDATA       ,ELPURG        ,KIXDATA       ,ELPURG3       ,00012,00053
A,KIXDATA       ,ELPURG        ,KIXDATA       ,ELPURG5       ,00012,00065
A,KIXDATA       ,ELPURG        ,KIXDATA       ,ELPURG6       ,00013,00077
P,KIXDATA       ,ELRCON        ,F,KSDS,00196,00019,00002,N,Y
P,KIXDATA       ,ELREPT        ,F,KSDS,00146,00011,00002,N,Y
P,KIXDATA       ,ELRETR        ,F,KSDS,00350,00020,00002,N,Y
A,KIXDATA       ,ELRETR        ,KIXDATA       ,ELRETR2       ,00029,00022
A,KIXDATA       ,ELRETR        ,KIXDATA       ,ELRETR3       ,00012,00051
A,KIXDATA       ,ELRETR        ,KIXDATA       ,ELRETR5       ,00012,00063
A,KIXDATA       ,ELRETR        ,KIXDATA       ,ELRETR6       ,00021,00075
P,KIXDATA       ,ELTRLR        ,F,KSDS,00200,00022,00002,N,Y
P,KIXDATA       ,ERACCT        ,F,KSDS,02000,00026,00002,N,Y
A,KIXDATA       ,ERACCT        ,KIXDATA       ,ERACCT2       ,00026,00028
P,KIXDATA       ,ERACCTD       ,F,KSDS,02000,00026,00002,N,Y
P,KIXDATA       ,ERACCTT       ,F,KSDS,02000,00026,00002,N,Y
P,KIXDATA       ,ERACNT        ,F,KSDS,00120,00023,00002,N,Y
P,KIXDATA       ,ERARCH        ,F,KSDS,00250,00005,00002,N,Y
A,KIXDATA       ,ERARCH        ,KIXDATA       ,ERARCH2       ,00037,00007
A,KIXDATA       ,ERARCH        ,KIXDATA       ,ERARCH3       ,00028,00044
A,KIXDATA       ,ERARCH        ,KIXDATA       ,ERARCH4       ,00028,00072
A,KIXDATA       ,ERARCH        ,KIXDATA       ,ERARCH5       ,00024,00100
A,KIXDATA       ,ERARCH        ,KIXDATA       ,ERARCH6       ,00011,00124
P,KIXDATA       ,ERARCT        ,F,KSDS,01640,00008,00002,N,Y
P,KIXDATA       ,ERBILL        ,F,KSDS,00210,00031,00002,N,Y
P,KIXDATA       ,ERCHEK        ,F,KSDS,00600,00035,00002,N,Y
P,KIXDATA       ,ERCHKQ        ,F,KSDS,00100,00007,00002,N,Y
P,KIXDATA       ,ERCOMM        ,F,KSDS,00250,00033,00002,N,Y
P,KIXDATA       ,ERCOMP        ,F,KSDS,00700,00029,00002,N,Y
P,KIXDATA       ,ERCOMPT       ,F,KSDS,00700,00029,00002,N,Y
P,KIXDATA       ,ERCONT        ,F,KSDS,00128,00031,00002,N,Y
P,KIXDATA       ,ERCRTC        ,F,KSDS,00300,00037,00002,N,Y
P,KIXDATA       ,ERCTBL        ,F,KSDS,00200,00007,00002,N,Y
P,KIXDATA       ,ERCTBLD       ,F,KSDS,00200,00007,00002,N,Y
P,KIXDATA       ,ERCTBLT       ,F,KSDS,00200,00007,00002,N,Y
P,KIXDATA       ,ERDUEP        ,F,KSDS,00512,00026,00002,N,Y
P,KIXDATA       ,ERDUMP        ,F,KSDS,00209,00009,00000,N,Y
P,KIXDATA       ,ERENDR        ,F,KSDS,00513,00036,00002,N,Y
P,KIXDATA       ,ERFORM        ,F,KSDS,00500,00017,00002,N,Y
P,KIXDATA       ,ERGXRF        ,V,KSDS,31264,00018,00002,N,Y
P,KIXDATA       ,ERLOFC        ,F,KSDS,00470,00023,00002,N,Y
P,KIXDATA       ,ERLOFCT       ,F,KSDS,00470,00023,00002,N,Y
P,KIXDATA       ,ERLOSS        ,F,KSDS,00525,00047,00002,N,Y
P,KIXDATA       ,ERMAIL        ,F,KSDS,00374,00033,00002,N,Y
P,KIXDATA       ,ERMEBL        ,F,KSDS,00765,00005,00002,N,Y
P,KIXDATA       ,ERNAME        ,F,KSDS,00160,00061,00002,N,Y
P,KIXDATA       ,ERNOTE        ,F,KSDS,00825,00033,00002,N,Y
P,KIXDATA       ,ERPLAN        ,F,KSDS,00420,00026,00002,N,Y
P,KIXDATA       ,ERPNDB        ,F,KSDS,00585,00011,00002,N,Y
A,KIXDATA       ,ERPNDB        ,KIXDATA       ,ERPNDB2       ,00036,00013
P,KIXDATA       ,ERPNDC        ,F,KSDS,00500,00050,00002,N,Y
P,KIXDATA       ,ERPNDE        ,F,KSDS,00585,00011,00002,N,Y
A,KIXDATA       ,ERPNDE        ,KIXDATA       ,ERPNDE2       ,00036,00013
P,KIXDATA       ,ERPNDM        ,F,KSDS,00374,00011,00002,N,Y
P,KIXDATA       ,ERPYAJ        ,F,KSDS,00200,00033,00002,N,Y
P,KIXDATA       ,ERRATE        ,F,KSDS,01765,00028,00002,N,Y
P,KIXDATA       ,ERRATED       ,F,KSDS,01765,00028,00002,N,Y
P,KIXDATA       ,ERRATET       ,F,KSDS,01765,00028,00002,N,Y
P,KIXDATA       ,ERREIN        ,F,KSDS,04000,00008,00002,N,Y
P,KIXDATA       ,ERREPY        ,F,KSDS,00200,00025,00002,N,Y
P,KIXDATA       ,ERRTBLD       ,F,KSDS,04000,00008,00002,N,Y
P,KIXDATA       ,ERRTBLT       ,F,KSDS,04000,00008,00002,N,Y
P,KIXDATA       ,MICRDRFT      ,V,KSDS,03000,00019,00000,N,Y
P,KIXDATA       ,MICRFLAG      ,F,KSDS,00018,00008,00000,N,Y
P,KIXDATA       ,PLNCODE       ,F,KSDS,00080,00006,00074,N,Y
