* Micro Focus Server Express         V5.1 revision 000 25-Sep-12 12:03 Page   1
* kxcallkix.cbl
     1*****************************************************************
     2*                                                               *
     3* Copyright (c) 2007 by Clerity Solutions, Inc.                 *
     4* All rights reserved.                                          *
     5*                                                               *
     6*****************************************************************
     7*
     8* WARNING:  It should not be necessary to change this code.
     9* Changes to this file may cause unikixtran to stop working.
    10*
    11$SET RTNCODE-SIZE"4"
    12 IDENTIFICATION DIVISION.
    13 PROGRAM-ID. KXCALLKIX.
    14 ENVIRONMENT DIVISION.
    15 CONFIGURATION SECTION.
    16 DATA DIVISION.
    17 WORKING-STORAGE SECTION.
    18 01  INSTALL-FLG    PIC X COMP-X VALUE 0.
    19 01  STATUS-CODE    PIC 9(4) COMP VALUE ZEROS.
    20 01  INSTALL-ADDR   USAGE PROCEDURE-POINTER.
    21 LINKAGE SECTION.
    22 01  ERR-MSG        PIC X(325).
    23 PROCEDURE DIVISION.
    24     SET INSTALL-ADDR TO ENTRY "kxCobolDump".
    25     CALL "CBL_ERROR_PROC" USING INSTALL-FLG INSTALL-ADDR
    26                           RETURNING STATUS-CODE.
    27     CALL "kxdsptch" GIVING RETURN-CODE.
    28     EXIT PROGRAM.
* Micro Focus Server Express         V5.1 revision 000 Compiler
* Copyright (C) Micro Focus IP Development Limited 1984-2012.
*                                                        REF GNR-008065005AF
* Total Messages:     0
* Data:         540     Code:          99
