EL1502  ,,E022,0,1,DEF,D,0,,, ,N,,KIXDFLT ,0,N
EL1503  ,,E023,0,1,DEF,D,0,,, ,N,,KIXDFLT ,0,N
EL1504  ,,E024,0,1,DEF,D,0,,, ,N,,KIXDFLT ,0,N
EL145   ,,E026,0,1,DEF,D,0,,, ,N,,KIXDFLT ,0,N
EL146   ,,E027,0,1,DEF,D,0,,, ,N,,KIXDFLT ,0,N
EL190   ,,E028,0,1,DEF,D,0,,, ,N,,KIXDFLT ,0,N
EL158   ,,E030,0,1,DEF,D,0,,, ,N,,KIXDFLT ,0,N
EL159   ,,E031,0,1,DEF,D,0,,, ,N,,KIXDFLT ,0,N
EL1591  ,,E032,0,1,DEF,D,0,,, ,N,,KIXDFLT ,0,N
EL1324  ,,E033,0,1,DEF,D,0,,, ,N,,KIXDFLT ,0,N
EL1325  ,,E034,0,1,DEF,D,0,,, ,N,,KIXDFLT ,0,N
EL1326  ,,E035,0,1,DEF,D,0,,, ,N,,KIXDFLT ,0,N
EL799   ,,E099,0,1,DEF,D,0,,, ,N,,KIXDFLT ,0,N
EL199   ,,E199,0,1,DEF,D,0,,, ,N,,KIXDFLT ,0,N
EL126   ,,EX00,0,1,DEF,D,0,,, ,N,,KIXDFLT ,0,N
EL171   ,,EX01,0,1,DEF,D,0,,, ,N,,KIXDFLT ,0,N
EL172   ,,EX02,0,1,DEF,D,0,,, ,N,,KIXDFLT ,0,N
EL173   ,,EX03,0,1,DEF,D,0,,, ,N,,KIXDFLT ,0,N
EL174   ,,EX04,0,1,DEF,D,0,,, ,N,,KIXDFLT ,0,N
EL101   ,,EX05,0,1,DEF,D,0,,, ,N,,KIXDFLT ,0,N
EL104   ,,EX06,0,1,DEF,D,0,,, ,N,,KIXDFLT ,0,N
EL109   ,,EX07,0,1,DEF,D,0,,, ,N,,KIXDFLT ,0,N
EL102   ,,EX08,0,1,DEF,D,0,,, ,N,,KIXDFLT ,0,N
EL103   ,,EX09,0,1,DEF,D,0,,, ,N,,KIXDFLT ,0,N
EL106   ,,EX10,0,1,DEF,D,0,,, ,N,,KIXDFLT ,0,N
EL107   ,,EX11,0,1,DEF,D,0,,, ,N,,KIXDFLT ,0,N
EL105   ,,EX12,0,1,DEF,D,0,,, ,N,,KIXDFLT ,0,N
EL108   ,,EX13,0,1,DEF,D,0,,, ,N,,KIXDFLT ,0,N
EL1042  ,,EX14,0,1,DEF,D,0,,, ,N,,KIXDFLT ,0,N
EL127   ,,EX15,0,1,DEF,D,0,,, ,N,,KIXDFLT ,0,N
EL1272  ,,EX16,0,1,DEF,D,0,,, ,N,,KIXDFLT ,0,N
EL162   ,,EX17,0,1,DEF,D,0,,, ,N,,KIXDFLT ,0,N
EL141   ,,EX18,0,1,DEF,D,0,,, ,N,,KIXDFLT ,0,N
EL130   ,,EX19,0,1,DEF,D,0,,, ,N,,KIXDFLT ,0,N
EL1061  ,,EX1A,0,1,DEF,D,0,,, ,N,,KIXDFLT ,0,N
EL1062  ,,EX1B,0,1,DEF,D,0,,, ,N,,KIXDFLT ,0,N
EL1064  ,,EX1D,0,1,DEF,D,0,,, ,N,,KIXDFLT ,0,N
EL1041  ,,EX1E,0,1,DEF,D,0,,, ,N,,KIXDFLT ,0,N
EL1044  ,,EX1F,0,1,DEF,D,0,,, ,N,,KIXDFLT ,0,N
EL157   ,,EX20,0,1,DEF,D,0,,, ,N,,KIXDFLT ,0,N
EL132   ,,EX21,0,1,DEF,D,0,,, ,N,,KIXDFLT ,0,N
EL1322  ,,EX22,0,1,DEF,D,0,,, ,N,,KIXDFLT ,0,N
EL150   ,,EX23,0,1,DEF,D,0,,, ,N,,KIXDFLT ,0,N
EL131   ,,EX24,0,1,DEF,D,0,,, ,N,,KIXDFLT ,0,N
EL142   ,,EX25,0,1,DEF,D,0,,, ,N,,KIXDFLT ,0,N
EL153   ,,EX26,0,1,DEF,D,0,,, ,N,,KIXDFLT ,0,N
EL152   ,,EX27,0,1,DEF,D,0,,, ,N,,KIXDFLT ,0,N
EL154   ,,EX28,0,1,DEF,D,0,,, ,N,,KIXDFLT ,0,N
EL156   ,,EX29,0,1,DEF,D,0,,, ,N,,KIXDFLT ,0,N
EL143   ,,EX30,0,1,DEF,D,0,,, ,N,,KIXDFLT ,0,N
EL155   ,,EX31,0,1,DEF,D,0,,, ,N,,KIXDFLT ,0,N
EL151   ,,EX32,0,1,DEF,D,0,,, ,N,,KIXDFLT ,0,N
EL160   ,,EX33,0,1,DEF,D,0,,, ,N,,KIXDFLT ,0,N
EL1602  ,,EX34,0,1,DEF,D,0,,, ,N,,KIXDFLT ,0,N
EL110   ,,EX35,0,1,DEF,D,0,,, ,N,,KIXDFLT ,0,N
EL111   ,,EX36,0,1,DEF,D,0,,, ,N,,KIXDFLT ,0,N
EL112   ,,EX37,0,1,DEF,D,0,,, ,N,,KIXDFLT ,0,N
EL113   ,,EX38,0,1,DEF,D,0,,, ,N,,KIXDFLT ,0,N
EL114   ,,EX39,0,1,DEF,D,0,,, ,N,,KIXDFLT ,0,N
EL115   ,,EX40,0,1,DEF,D,0,,, ,N,,KIXDFLT ,0,N
EL116   ,,EX41,0,1,DEF,D,0,,, ,N,,KIXDFLT ,0,N
EL117   ,,EX42,0,1,DEF,D,0,,, ,N,,KIXDFLT ,0,N
EL119   ,,EX44,0,1,DEF,D,0,,, ,N,,KIXDFLT ,0,N
EL175   ,,EX45,0,1,DEF,D,0,,, ,N,,KIXDFLT ,0,N
EL176   ,,EX46,0,1,DEF,D,0,,, ,N,,KIXDFLT ,0,N
EL177   ,,EX47,0,1,DEF,D,0,,, ,N,,KIXDFLT ,0,N
EL178   ,,EX48,0,1,DEF,D,0,,, ,N,,KIXDFLT ,0,N
EL179   ,,EX49,0,1,DEF,D,0,,, ,N,,KIXDFLT ,0,N
EL180   ,,EX50,0,1,DEF,D,0,,, ,N,,KIXDFLT ,0,N
EL181   ,,EX51,0,1,DEF,D,0,,, ,N,,KIXDFLT ,0,N
EL1812  ,,EX52,0,1,DEF,D,0,,, ,N,,KIXDFLT ,0,N
EL183   ,,EX53,0,1,DEF,D,0,,, ,N,,KIXDFLT ,0,N
EL144   ,,EX54,0,1,DEF,D,0,,, ,N,,KIXDFLT ,0,N
EL1782  ,,EX56,0,1,DEF,D,0,,, ,N,,KIXDFLT ,0,N
EL1522  ,,EX57,0,1,DEF,D,0,,, ,N,,KIXDFLT ,0,N
EL008   ,,EX58,0,1,DEF,D,0,,, ,N,,KIXDFLT ,0,N
EL1792  ,,EX59,0,1,DEF,D,0,,, ,N,,KIXDFLT ,0,N
EL183   ,,EX62,0,1,DEF,D,0,,, ,N,,KIXDFLT ,0,N
EL1832  ,,EX63,0,1,DEF,D,0,,, ,N,,KIXDFLT ,0,N
EL1742  ,,EX64,0,1,DEF,D,0,,, ,N,,KIXDFLT ,0,N
EL659   ,,EX65,0,1,DEF,D,0,,, ,N,,KIXDFLT ,0,N
EL6592  ,,EX66,0,1,DEF,D,0,,, ,N,,KIXDFLT ,0,N
EL6041  ,,EX67,0,1,DEF,D,0,,, ,N,,KIXDFLT ,0,N
EL010   ,,EX99,0,1,DEF,D,0,,, ,N,,KIXDFLT ,0,N
EL601   ,,EXA1,0,1,DEF,D,0,,, ,N,,KIXDFLT ,0,N
EL602   ,,EXA2,0,1,DEF,D,0,,, ,N,,KIXDFLT ,0,N
EL603   ,,EXA3,0,1,DEF,D,0,,, ,N,,KIXDFLT ,0,N
EL626   ,,EXA4,0,1,DEF,D,0,,, ,N,,KIXDFLT ,0,N
EL630   ,,EXA5,0,1,DEF,D,0,,, ,N,,KIXDFLT ,0,N
EL6301  ,,EXA6,0,1,DEF,D,0,,, ,N,,KIXDFLT ,0,N
EL6302  ,,EXA7,0,1,DEF,D,0,,, ,N,,KIXDFLT ,0,N
EL610   ,,EXA8,0,1,DEF,D,0,,, ,N,,KIXDFLT ,0,N
EL604   ,,EXA9,0,1,DEF,D,0,,, ,N,,KIXDFLT ,0,N
EL605   ,,EXAA,0,1,DEF,D,0,,, ,N,,KIXDFLT ,0,N
EL606   ,,EXAB,0,1,DEF,D,0,,, ,N,,KIXDFLT ,0,N
EL607   ,,EXAC,0,1,DEF,D,0,,, ,N,,KIXDFLT ,0,N
EL608   ,,EXAD,0,1,DEF,D,0,,, ,N,,KIXDFLT ,0,N
EL609   ,,EXAE,0,1,DEF,D,0,,, ,N,,KIXDFLT ,0,N
EL611   ,,EXAF,0,1,DEF,D,0,,, ,N,,KIXDFLT ,0,N
EL612   ,,EXAG,0,1,DEF,D,0,,, ,N,,KIXDFLT ,0,N
EL613   ,,EXAH,0,1,DEF,D,0,,, ,N,,KIXDFLT ,0,N
EL614   ,,EXAI,0,1,DEF,D,0,,, ,N,,KIXDFLT ,0,N
EL631   ,,EXB0,0,1,DEF,D,0,,, ,N,,KIXDFLT ,0,N
EL6311  ,,EXB1,0,1,DEF,D,0,,, ,N,,KIXDFLT ,0,N
EL6312  ,,EXB2,0,1,DEF,D,0,,, ,N,,KIXDFLT ,0,N
EL6313  ,,EXB3,0,1,DEF,D,0,,, ,N,,KIXDFLT ,0,N
EL632   ,,EXB4,0,1,DEF,D,0,,, ,N,,KIXDFLT ,0,N
EL6321  ,,EXB5,0,1,DEF,D,0,,, ,N,,KIXDFLT ,0,N
EL633   ,,EXB7,0,1,DEF,D,0,,, ,N,,KIXDFLT ,0,N
EL6331  ,,EXB8,0,1,DEF,D,0,,, ,N,,KIXDFLT ,0,N
EL634   ,,EXB9,0,1,DEF,D,0,,, ,N,,KIXDFLT ,0,N
EL6314  ,,EXBA,0,1,DEF,D,0,,, ,N,,KIXDFLT ,0,N
EL6315  ,,EXBB,0,1,DEF,D,0,,, ,N,,KIXDFLT ,0,N
EL6316  ,,EXBC,0,1,DEF,D,0,,, ,N,,KIXDFLT ,0,N
EL6317  ,,EXBD,0,1,DEF,D,0,,, ,N,,KIXDFLT ,0,N
EL6318  ,,EXBE,0,1,DEF,D,0,,, ,N,,KIXDFLT ,0,N
EL054   ,,EXBT,0,1,DEF,D,0,,, ,N,,KIXDFLT ,0,N
EL640   ,,EXC1,0,1,DEF,D,0,,, ,N,,KIXDFLT ,0,N
EL6401  ,,EXC2,0,1,DEF,D,0,,, ,N,,KIXDFLT ,0,N
EL641   ,,EXC3,0,1,DEF,D,0,,, ,N,,KIXDFLT ,0,N
EL650   ,,EXC4,0,1,DEF,D,0,,, ,N,,KIXDFLT ,0,N
EL6501  ,,EXC5,0,1,DEF,D,0,,, ,N,,KIXDFLT ,0,N
EL6502  ,,EXC6,0,1,DEF,D,0,,, ,N,,KIXDFLT ,0,N
EL6503  ,,EXC7,0,1,DEF,D,0,,, ,N,,KIXDFLT ,0,N
EL6504  ,,EXC8,0,1,DEF,D,0,,, ,N,,KIXDFLT ,0,N
EL6411  ,,EXC9,0,1,DEF,D,0,,, ,N,,KIXDFLT ,0,N
EL125   ,,EXCL,0,1,DEF,D,0,,, ,N,,KIXDFLT ,0,N
EL125   ,,EXCR,0,1,DEF,D,0,,, ,N,,KIXDFLT ,0,N
EL651   ,,EXD1,0,1,DEF,D,0,,, ,N,,KIXDFLT ,0,N
EL6511  ,,EXD2,0,1,DEF,D,0,,, ,N,,KIXDFLT ,0,N
EL6507  ,,EXD3,0,1,DEF,D,0,,, ,N,,KIXDFLT ,0,N
EL652   ,,EXD4,0,1,DEF,D,0,,, ,N,,KIXDFLT ,0,N
EL653   ,,EXD5,0,1,DEF,D,0,,, ,N,,KIXDFLT ,0,N
EL654   ,,EXD6,0,1,DEF,D,0,,, ,N,,KIXDFLT ,0,N
EL655   ,,EXD7,0,1,DEF,D,0,,, ,N,,KIXDFLT ,0,N
EL6521  ,,EXD8,0,1,DEF,D,0,,, ,N,,KIXDFLT ,0,N
EL6508  ,,EXD9,0,1,DEF,D,0,,, ,N,,KIXDFLT ,0,N
EL6509  ,,EXDA,0,1,DEF,D,0,,, ,N,,KIXDFLT ,0,N
EL65091 ,,EXDB,0,1,DEF,D,0,,, ,N,,KIXDFLT ,0,N
EL6522  ,,EXDC,0,1,DEF,D,0,,, ,N,,KIXDFLT ,0,N
EL6523  ,,EXDD,0,1,DEF,D,0,,, ,N,,KIXDFLT ,0,N
EL6524  ,,EXDE,0,1,DEF,D,0,,, ,N,,KIXDFLT ,0,N
EL6525  ,,EXDF,0,1,DEF,D,0,,, ,N,,KIXDFLT ,0,N
EL6526  ,,EXDG,0,1,DEF,D,0,,, ,N,,KIXDFLT ,0,N
EL009   ,,EXDT,0,1,DEF,D,0,,, ,N,,KIXDFLT ,0,N
EL656   ,,EXE1,0,1,DEF,D,0,,, ,N,,KIXDFLT ,0,N
EL6561  ,,EXE2,0,1,DEF,D,0,,, ,N,,KIXDFLT ,0,N
EL6562  ,,EXE3,0,1,DEF,D,0,,, ,N,,KIXDFLT ,0,N
EL6563  ,,EXE4,0,1,DEF,D,0,,, ,N,,KIXDFLT ,0,N
EL6564  ,,EXE5,0,1,DEF,D,0,,, ,N,,KIXDFLT ,0,N
EL671   ,,EXE6,0,1,DEF,D,0,,, ,N,,KIXDFLT ,0,N
EL673   ,,EXE7,0,1,DEF,D,0,,, ,N,,KIXDFLT ,0,N
EL674   ,,EXE8,0,1,DEF,D,0,,, ,N,,KIXDFLT ,0,N
EL675   ,,EXE9,0,1,DEF,D,0,,, ,N,,KIXDFLT ,0,N
EL6565  ,,EXEA,0,1,DEF,D,0,,, ,N,,KIXDFLT ,0,N
EL051   ,,EXEB,0,1,DEF,D,0,,, ,N,,KIXDFLT ,0,N
EL676   ,,EXF1,0,1,DEF,D,0,,, ,N,,KIXDFLT ,0,N
EL677   ,,EXF3,0,1,DEF,D,0,,, ,N,,KIXDFLT ,0,N
EL679   ,,EXF5,0,1,DEF,D,0,,, ,N,,KIXDFLT ,0,N
EL680   ,,EXF6,0,1,DEF,D,0,,, ,N,,KIXDFLT ,0,N
EL681   ,,EXF7,0,1,DEF,D,0,,, ,N,,KIXDFLT ,0,N
EL682   ,,EXF8,0,1,DEF,D,0,,, ,N,,KIXDFLT ,0,N
EL683   ,,EXF9,0,1,DEF,D,0,,, ,N,,KIXDFLT ,0,N
EL685   ,,EXG1,0,1,DEF,D,0,,, ,N,,KIXDFLT ,0,N
EL686   ,,EXG2,0,1,DEF,D,0,,, ,N,,KIXDFLT ,0,N
EL687   ,,EXG4,0,1,DEF,D,0,,, ,N,,KIXDFLT ,0,N
EL6791  ,,EXG5,0,1,DEF,D,0,,, ,N,,KIXDFLT ,0,N
EL6506  ,,EXG6,0,1,DEF,D,0,,, ,N,,KIXDFLT ,0,N
EL6851  ,,EXG9,0,1,DEF,D,0,,, ,N,,KIXDFLT ,0,N
EL657   ,,EXH1,0,1,DEF,D,0,,, ,N,,KIXDFLT ,0,N
EL684   ,,EXH2,0,1,DEF,D,0,,, ,N,,KIXDFLT ,0,N
EL689   ,,EXH3,0,1,DEF,D,0,,, ,N,,KIXDFLT ,0,N
EL6892  ,,EXH5,0,1,DEF,D,0,,, ,N,,KIXDFLT ,0,N
EL6505  ,,EXH6,0,1,DEF,D,0,,, ,N,,KIXDFLT ,0,N
EL642   ,,EXH7,0,1,DEF,D,0,,, ,N,,KIXDFLT ,0,N
EL1031  ,,EXH8,0,1,DEF,D,0,,, ,N,,KIXDFLT ,0,N
EL1501  ,,EXH9,0,1,DEF,D,0,,, ,N,,KIXDFLT ,0,N
EL930   ,,EXI1,0,1,DEF,D,0,,, ,N,,KIXDFLT ,0,N
EL9301  ,,EXI2,0,1,DEF,D,0,,, ,N,,KIXDFLT ,0,N
EL9302  ,,EXI3,0,1,DEF,D,0,,, ,N,,KIXDFLT ,0,N
EL658   ,,EXJ3,0,1,DEF,D,0,,, ,N,,KIXDFLT ,0,N
EL697   ,,EXJC,0,1,DEF,D,0,,, ,N,,KIXDFLT ,0,N
EL698   ,,EXJD,0,1,DEF,D,0,,, ,N,,KIXDFLT ,0,N
EL662   ,,EXK2,0,1,DEF,D,0,,, ,N,,KIXDFLT ,0,N
EL663   ,,EXK3,0,1,DEF,D,0,,, ,N,,KIXDFLT ,0,N
EL1523  ,,EXL1,0,1,DEF,D,0,,, ,N,,KIXDFLT ,0,N
EL1524  ,,EXL2,0,1,DEF,D,0,,, ,N,,KIXDFLT ,0,N
EL015   ,,EXLR,0,1,DEF,D,0,,, ,N,,KIXDFLT ,0,N
EL690   ,,EXM3,0,1,DEF,D,0,,, ,N,,KIXDFLT ,0,N
EL694   ,,EXM4,0,1,DEF,D,0,,, ,N,,KIXDFLT ,0,N
EL6942  ,,EXM5,0,1,DEF,D,0,,, ,N,,KIXDFLT ,0,N
EL1043  ,,EXM7,0,1,DEF,D,0,,, ,N,,KIXDFLT ,0,N
EL695   ,,EXM8,0,1,DEF,D,0,,, ,N,,KIXDFLT ,0,N
EL6952  ,,EXM9,0,1,DEF,D,0,,, ,N,,KIXDFLT ,0,N
EL691   ,,EXN1,0,1,DEF,D,0,,, ,N,,KIXDFLT ,0,N
EL645   ,,EXR1,0,1,DEF,D,0,,, ,N,,KIXDFLT ,0,N
EL6451  ,,EXR2,0,1,DEF,D,0,,, ,N,,KIXDFLT ,0,N
EL014   ,,EXRA,0,1,DEF,D,0,,, ,N,,KIXDFLT ,0,N
EL012   ,,EXRF,0,1,DEF,D,0,,, ,N,,KIXDFLT ,0,N
EL013   ,,EXRT,0,1,DEF,D,0,,, ,N,,KIXDFLT ,0,N
EL051   ,,EXSE,0,1,DEF,D,0,,, ,N,,KIXDFLT ,0,N
EL003   ,,EXSU,0,1,DEF,D,0,,, ,N,,KIXDFLT ,0,N
EL127   ,,EXX1,0,1,DEF,D,0,,, ,N,,KIXDFLT ,0,N
EL1272  ,,EXX2,0,1,DEF,D,0,,, ,N,,KIXDFLT ,0,N
EL1273  ,,EXX3,0,1,DEF,D,0,,, ,N,,KIXDFLT ,0,N
EL1274  ,,EXX4,0,1,DEF,D,0,,, ,N,,KIXDFLT ,0,N
EL1275  ,,EXX5,0,1,DEF,D,0,,, ,N,,KIXDFLT ,0,N
EL1276  ,,EXX6,0,1,DEF,D,0,,, ,N,,KIXDFLT ,0,N
EL1277  ,,EXX7,0,1,DEF,D,0,,, ,N,,KIXDFLT ,0,N
EL6273  ,,EXX8,0,1,DEF,D,0,,, ,N,,KIXDFLT ,0,N
EL6274  ,,EXX9,0,1,DEF,D,0,,, ,N,,KIXDFLT ,0,N
EL1278  ,,EXXA,0,1,DEF,D,0,,, ,N,,KIXDFLT ,0,N
EL128   ,,EXXC,0,1,DEF,D,0,,, ,N,,KIXDFLT ,0,N
EL1282  ,,EXXD,0,1,DEF,D,0,,, ,N,,KIXDFLT ,0,N
EL1283  ,,EXXE,0,1,DEF,D,0,,, ,N,,KIXDFLT ,0,N
EL1279  ,,EXXF,0,1,DEF,D,0,,, ,N,,KIXDFLT ,0,N
EL1284  ,,EXXG,0,1,DEF,D,0,,, ,N,,KIXDFLT ,0,N
ELXXX   ,,PEMA,0,1,DEF,D,0,,, ,N,,KIXDFLT ,0,N
SOCK03  ,,SOC3,0,1,DEF,D,0,,, ,N,,KIXDFLT ,0,N
SOCK04  ,,SOC4,0,1,DEF,D,0,,, ,N,,KIXDFLT ,0,N
SOCK05  ,,SOC5,0,1,DEF,D,0,,, ,N,,KIXDFLT ,0,N
SOCK06  ,,SOC6,0,1,DEF,D,0,,, ,N,,KIXDFLT ,0,N
SOCK00  ,,SOCK,0,1,DEF,D,0,,, ,N,,KIXDFLT ,0,N
ELVADS  ,,VADS,0,1,DEF,D,0,,, ,N,,KIXDFLT ,0,N
